2026-10-06 18:26:02,704 | INFO | Books page 1: https://books.toscrape.com/
2026-10-06 18:26:04,783 | INFO | Books page 2: https://books.toscrape.com/catalogue/page-2.html
2026-10-06 18:26:05,823 | INFO | Books page 3: https://books.toscrape.com/catalogue/page-3.html
2026-10-06 18:26:06,922 | INFO | Books page 4: https://books.toscrape.com/catalogue/page-4.html
2026-10-06 18:26:08,297 | INFO | Books page 5: https://books.toscrape.com/catalogue/page-5.html
2026-10-06 18:26:09,684 | INFO | Books page 6: https://books.toscrape.com/catalogue/page-6.html
2026-10-06 18:26:13,010 | INFO | Books page 7: https://books.toscrape.com/catalogue/page-7.html
2026-10-06 18:26:14,397 | INFO | Books page 8: https://books.toscrape.com/catalogue/page-8.html
2026-10-06 18:26:15,729 | INFO | Books page 9: https://books.toscrape.com/catalogue/page-9.html
2026-10-06 18:26:17,023 | INFO | Books page 10: https://books.toscrape.com/catalogue/page-10.html
2026-10-06 18:26:19,728 | INFO | Books page 11: https://books.toscrape.com/catalogue/page-11.html
2026-10-06 18:26:21,768 | INFO | Books page 12: https://books.toscrape.com/catalogue/page-12.html
2026-10-06 18:26:23,464 | INFO | Books page 13: https://books.toscrape.com/catalogue/page-13.html
2026-10-06 18:26:25,251 | INFO | Books page 14: https://books.toscrape.com/catalogue/page-14.html
2026-10-06 18:26:26,875 | INFO | Books page 15: https://books.toscrape.com/catalogue/page-15.html
2026-10-06 18:26:28,427 | INFO | Books page 16: https://books.toscrape.com/catalogue/page-16.html
2026-10-06 18:26:29,808 | INFO | Books page 17: https://books.toscrape.com/catalogue/page-17.html
2026-10-06 18:26:31,190 | INFO | Books page 18: https://books.toscrape.com/catalogue/page-18.html
2026-10-06 18:26:32,622 | INFO | Books page 19: https://books.toscrape.com/catalogue/page-19.html
2026-10-06 18:26:33,913 | INFO | Books page 20: https://books.toscrape.com/catalogue/page-20.html
2026-10-06 18:26:35,390 | INFO | Books page 21: https://books.toscrape.com/catalogue/page-21.html
2026-10-06 18:26:36,823 | INFO | Books page 22: https://books.toscrape.com/catalogue/page-22.html
2026-10-06 18:26:38,242 | INFO | Books page 23: https://books.toscrape.com/catalogue/page-23.html
2026-10-06 18:26:39,687 | INFO | Books page 24: https://books.toscrape.com/catalogue/page-24.html
2026-10-06 18:26:41,123 | INFO | Books page 25: https://books.toscrape.com/catalogue/page-25.html
2026-10-06 18:26:42,500 | INFO | Books page 26: https://books.toscrape.com/catalogue/page-26.html
2026-10-06 18:26:43,576 | INFO | Books page 27: https://books.toscrape.com/catalogue/page-27.html
2026-10-06 18:26:45,013 | INFO | Books page 28: https://books.toscrape.com/catalogue/page-28.html
2026-10-06 18:26:46,139 | INFO | Books page 29: https://books.toscrape.com/catalogue/page-29.html
2026-10-06 18:26:47,270 | INFO | Books page 30: https://books.toscrape.com/catalogue/page-30.html
2026-10-06 18:26:48,319 | INFO | Books page 31: https://books.toscrape.com/catalogue/page-31.html
2026-10-06 18:26:49,427 | INFO | Books page 32: https://books.toscrape.com/catalogue/page-32.html
2026-10-06 18:26:50,474 | INFO | Books page 33: https://books.toscrape.com/catalogue/page-33.html
2026-10-06 18:26:51,608 | INFO | Books page 34: https://books.toscrape.com/catalogue/page-34.html
2026-10-06 18:26:52,732 | INFO | Books page 35: https://books.toscrape.com/catalogue/page-35.html
2026-10-06 18:26:53,867 | INFO | Books page 36: https://books.toscrape.com/catalogue/page-36.html
2026-10-06 18:26:55,050 | INFO | Books page 37: https://books.toscrape.com/catalogue/page-37.html
2026-10-06 18:26:56,134 | INFO | Books page 38: https://books.toscrape.com/catalogue/page-38.html
2026-10-06 18:26:57,193 | INFO | Books page 39: https://books.toscrape.com/catalogue/page-39.html
2026-10-06 18:26:58,242 | INFO | Books page 40: https://books.toscrape.com/catalogue/page-40.html
2026-10-06 18:26:59,302 | INFO | Books page 41: https://books.toscrape.com/catalogue/page-41.html
2026-10-06 18:27:00,482 | INFO | Books page 42: https://books.toscrape.com/catalogue/page-42.html
2026-10-06 18:27:01,600 | INFO | Books page 43: https://books.toscrape.com/catalogue/page-43.html
2026-10-06 18:27:02,660 | INFO | Books page 44: https://books.toscrape.com/catalogue/page-44.html
2026-10-06 18:27:03,752 | INFO | Books page 45: https://books.toscrape.com/catalogue/page-45.html
2026-10-06 18:27:04,810 | INFO | Books page 46: https://books.toscrape.com/catalogue/page-46.html
2026-10-06 18:27:05,906 | INFO | Books page 47: https://books.toscrape.com/catalogue/page-47.html
2026-10-06 18:27:07,032 | INFO | Books page 48: https://books.toscrape.com/catalogue/page-48.html
2026-10-06 18:27:08,154 | INFO | Books page 49: https://books.toscrape.com/catalogue/page-49.html
2026-10-06 18:27:09,286 | INFO | Books page 50: https://books.toscrape.com/catalogue/page-50.html
2026-10-06 18:27:10,538 | INFO | Quotes page 1: https://quotes.toscrape.com/
2026-10-06 18:27:12,195 | INFO | Quotes page 2: https://quotes.toscrape.com/page/2/
2026-10-06 18:27:12,987 | INFO | Quotes page 3: https://quotes.toscrape.com/page/3/
2026-10-06 18:27:13,875 | INFO | Quotes page 4: https://quotes.toscrape.com/page/4/
2026-10-06 18:27:14,663 | INFO | Quotes page 5: https://quotes.toscrape.com/page/5/
2026-10-06 18:27:15,516 | INFO | Quotes page 6: https://quotes.toscrape.com/page/6/
2026-10-06 18:27:16,336 | INFO | Quotes page 7: https://quotes.toscrape.com/page/7/
2026-10-06 18:27:17,392 | INFO | Quotes page 8: https://quotes.toscrape.com/page/8/
2026-10-06 18:27:18,529 | INFO | Quotes page 9: https://quotes.toscrape.com/page/9/
2026-10-06 18:27:19,711 | INFO | Quotes page 10: https://quotes.toscrape.com/page/10/
2026-10-06 18:27:20,561 | INFO | Finished: 1099 final records; 1 duplicates.
2026-10-06 18:27:20,561 | INFO | CSV: /Users/raaga/Downloads/scraping_assignment 3/output/final_dataset.csv
2026-10-06 18:27:20,561 | INFO | Summary: /Users/raaga/Downloads/scraping_assignment 3/output/summary_report.json
2026-10-06 18:27:20,561 | INFO | HTML report: /Users/raaga/Downloads/scraping_assignment 3/output/report.html
